---
source: src/beet_command.rs
expression: "beet_list_command(\"a\\nb\\nc\", None)"
---
[
  "list",
  "a",
  "b",
  "c",
]
