---
source: src/beet_command.rs
expression: "beet_list_command(\"\", None)"
---
[
  "list",
]
