---
source: src/beet_command.rs
expression: "beet_list_command(\"\", extra)"
---
[
  "list",
  "extra",
]
